error parsing resource data as type "hashicorp.consul.catalog.v1alpha1.Service": fake test error