reference must have type catalog.v1alpha1.Workload