map http contains an invalid key - "ports": fake test error